// Jest Snapshot v1, https://goo.gl/fbAQLP

exports[`UI/ButtonPlus renders correctly 1`] = `
<button
  class="btn btn--primary btn--icon-only-circle"
>
  <i
    class="icon-plus-large"
  />
</button>
`;
