// Jest Snapshot v1, https://goo.gl/fbAQLP

exports[`UI/Checkbox renders correctly 1`] = `
<span
  class="sd-check__wrapper"
>
  <span
    class="sd-checkbox"
  />
  <label
    class=""
    style="color: rgb(255, 255, 255);"
  />
</span>
`;
